FAIL samsung/about-us/leadership-and-mission (PUT 200 PREV 200 LIVE 200)
FAIL samsung/accessibility (PUT 200 PREV 200 LIVE 200)
FAIL samsung/accessories (PUT 200 PREV 200 LIVE 200)
FAIL samsung/ai-living (PUT 200 PREV 200 LIVE 200)
FAIL samsung/apps (PUT 200 PREV 200 LIVE 200)
FAIL samsung/audio-devices/all-audio-devices (PUT 200 PREV 200 LIVE 200)
FAIL samsung/audio-sound/all-audio-sound (PUT 200 PREV 200 LIVE 200)
FAIL samsung/computers/galaxy-book (PUT 200 PREV 200 LIVE 200)
FAIL samsung/dishwashers/all-dishwashers (PUT 200 PREV 200 LIVE 200)
FAIL samsung/explore (PUT 200 PREV 200 LIVE 200)
FAIL samsung/explore/life-hacks/how-to-work-from-home-and-win-the-day (PUT 200 PREV 200 LIVE 200)
FAIL samsung/galaxy-ai (PUT 200 PREV 200 LIVE 200)
FAIL samsung/index (PUT 200 PREV 200 LIVE 200)
FAIL samsung/laundry/washers (PUT 200 PREV 200 LIVE 200)
FAIL samsung/memory-storage/all-memory-storage (PUT 200 PREV 200 LIVE 200)
FAIL samsung/monitors/all-monitors (PUT 200 PREV 200 LIVE 200)
FAIL samsung/projectors/all-projectors (PUT 200 PREV 200 LIVE 200)
FAIL samsung/refrigerators/all-refrigerators (PUT 200 PREV 200 LIVE 200)
FAIL samsung/rewards (PUT 200 PREV 200 LIVE 200)
FAIL samsung/shop (PUT 200 PREV 200 LIVE 200)
FAIL samsung/smartphones/all-smartphones (PUT 200 PREV 200 LIVE 200)
FAIL samsung/smartthings (PUT 200 PREV 200 LIVE 200)
FAIL samsung/support (PUT 200 PREV 200 LIVE 200)
FAIL samsung/support/contact (PUT 200 PREV 200 LIVE 200)
FAIL samsung/support/downloads (PUT 200 PREV 200 LIVE 200)
FAIL samsung/support/service (PUT 200 PREV 200 LIVE 200)
FAIL samsung/sustainability (PUT 200 PREV 200 LIVE 200)
FAIL samsung/sustainability/environment (PUT 200 PREV 200 LIVE 200)
FAIL samsung/tablets/all-tablets (PUT 200 PREV 200 LIVE 200)
FAIL samsung/trade-in (PUT 200 PREV 200 LIVE 200)
FAIL samsung/tvs/all-tvs (PUT 200 PREV 200 LIVE 200)
FAIL samsung/vacuum-cleaners/all-vacuum-cleaners (PUT 200 PREV 200 LIVE 200)
FAIL samsung/watches/all-watches (PUT 200 PREV 200 LIVE 200)
FAIL samsung/why-buy-direct (PUT 200 PREV 200 LIVE 200)
DONE ok=0 fail=34
